python : WARNING:app.services.virality_brief_service:JSON loads failed in virality brief parser. Reconstructing 
structured dictionary via bulletproof regex key-value extraction.
At line:1 char:1
+ python -c "
+ ~~~~~~~~~~~
    + CategoryInfo          : NotSpecified: (WARNING:app.ser...lue extraction.:String) [], RemoteException
    + FullyQualifiedErrorId : NativeCommandError
 
SUCCESS: True
